[root@ip-172-31-26-58 ~]# hostnamectl set-hostname client2.example.com
[root@ip-172-31-26-58 ~]# bash
[root@client2 ~]# mkdir /dev-two
mkdir: cannot create directory ‘/dev-two’: File exists
[root@client2 ~]# cd /dev-two
[root@client2 dev-two]# git init
hint: Using 'master' as the name for the initial branch. This default branch name
hint: is subject to change. To configure the initial branch name to use in all
hint: of your new repositories, which will suppress this warning, call:
hint:
hint:   git config --global init.defaultBranch <name>
hint:
hint: Names commonly chosen instead of 'master' are 'main', 'trunk' and
hint: 'development'. The just-created branch can be renamed via this command:
hint:
hint:   git branch -m <name>
hint:
hint: Disable this message with "git config set advice.defaultBranchName false"
Initialized empty Git repository in /dev-two/.git/
[root@client2 dev-two]# ls
[root@client2 dev-two]# hostname
client2.example.com
[root@client2 dev-two]# ip a s
1: lo: <LOOPBACK,UP,LOWER_UP> mtu 65536 qdisc noqueue state UNKNOWN group default qlen 1000
    link/loopback 00:00:00:00:00:00 brd 00:00:00:00:00:00
    inet 127.0.0.1/8 scope host lo
       valid_lft forever preferred_lft forever
    inet6 ::1/128 scope host noprefixroute
       valid_lft forever preferred_lft forever
2: ens5: <BROADCAST,MULTICAST,UP,LOWER_UP> mtu 9001 qdisc mq state UP group default qlen 1000
    link/ether 0a:ff:d8:f7:a0:fb brd ff:ff:ff:ff:ff:ff
    altname enp0s5
    altname eni-020495b3e7a03ed7c
    altname device-number-0.0
    inet 172.31.26.58/20 metric 512 brd 172.31.31.255 scope global dynamic ens5
       valid_lft 3506sec preferred_lft 3506sec
    inet6 fe80::8ff:d8ff:fef7:a0fb/64 scope link proto kernel_ll
       valid_lft forever preferred_lft forever
[root@client2 dev-two]# hostnamectl set-hostname dev-two.example.com
[root@client2 dev-two]# bash
[root@dev-two dev-two]# vim /etc/hosts
[root@dev-two dev-two]# vim /etc/hosts
"/etc/hosts" 6L, 230B written
[root@dev-two dev-two]#
[root@dev-two dev-two]# ping git-server.example.com
PING git-server.example.com (172.31.23.118) 56(84) bytes of data.
64 bytes from git-server.example.com (172.31.23.118): icmp_seq=1 ttl=127 time=0.448 ms
64 bytes from git-server.example.com (172.31.23.118): icmp_seq=2 ttl=127 time=0.332 ms
64 bytes from git-server.example.com (172.31.23.118): icmp_seq=3 ttl=127 time=0.305 ms
64 bytes from git-server.example.com (172.31.23.118): icmp_seq=4 ttl=127 time=0.317 ms
64 bytes from git-server.example.com (172.31.23.118): icmp_seq=5 ttl=127 time=0.306 ms
64 bytes from git-server.example.com (172.31.23.118): icmp_seq=6 ttl=127 time=0.298 ms
64 bytes from git-server.example.com (172.31.23.118): icmp_seq=7 ttl=127 time=0.315 ms
64 bytes from git-server.example.com (172.31.23.118): icmp_seq=8 ttl=127 time=0.309 ms
64 bytes from git-server.example.com (172.31.23.118): icmp_seq=9 ttl=127 time=0.307 ms
64 bytes from git-server.example.com (172.31.23.118): icmp_seq=10 ttl=127 time=0.307 ms
64 bytes from git-server.example.com (172.31.23.118): icmp_seq=11 ttl=127 time=0.303 ms
64 bytes from git-server.example.com (172.31.23.118): icmp_seq=12 ttl=127 time=0.317 ms
64 bytes from git-server.example.com (172.31.23.118): icmp_seq=13 ttl=127 time=0.306 ms
64 bytes from git-server.example.com (172.31.23.118): icmp_seq=14 ttl=127 time=0.322 ms
64 bytes from git-server.example.com (172.31.23.118): icmp_seq=15 ttl=127 time=0.323 ms
64 bytes from git-server.example.com (172.31.23.118): icmp_seq=16 ttl=127 time=0.306 ms
64 bytes from git-server.example.com (172.31.23.118): icmp_seq=17 ttl=127 time=0.306 ms
^C
--- git-server.example.com ping statistics ---
17 packets transmitted, 17 received, 0% packet loss, time 16641ms
rtt min/avg/max/mdev = 0.298/0.319/0.448/0.033 ms
[root@dev-two dev-two]# Connection to ec2-23-22-149-179.compute-1.amazonaws.com closed by remote host.
Connection to ec2-23-22-149-179.compute-1.amazonaws.com closed.
PS C:\Users\10844721\downloads>
PS C:\Users\10844721\downloads>
PS C:\Users\10844721\downloads> ssh -i "devops.pem" ec2-user@ec2-54-236-250-212.compute-1.amazonaws.com
The authenticity of host 'ec2-54-236-250-212.compute-1.amazonaws.com (54.236.250.212)' can't be established.
ED25519 key fingerprint is SHA256:mPAQ7hiDySb7g2WGL3zxbjQgf/wrfJ6Ig4uqNSDx7u8.
This host key is known by the following other names/addresses:
    C:\Users\10844721/.ssh/known_hosts:15: ec2-23-22-149-179.compute-1.amazonaws.com
Are you sure you want to continue connecting (yes/no/[fingerprint])? yes
Warning: Permanently added 'ec2-54-236-250-212.compute-1.amazonaws.com' (ED25519) to the list of known hosts.
   ,     #_
   ~\_  ####_        Amazon Linux 2023
  ~~  \_#####\
  ~~     \###|
  ~~       \#/ ___   https://aws.amazon.com/linux/amazon-linux-2023
   ~~       V~' '->
    ~~~         /
      ~~._.   _/
         _/ _/
       _/m/'
Last login: Wed Sep 24 06:22:17 2025 from 103.244.155.144
[ec2-user@dev-two ~]$ client_loop: send disconnect: Connection reset
PS C:\Users\10844721\downloads> ssh -i "devops.pem" ec2-user@ec2-54-236-250-212.compute-1.amazonaws.com
   ,     #_
   ~\_  ####_        Amazon Linux 2023
  ~~  \_#####\
  ~~     \###|
  ~~       \#/ ___   https://aws.amazon.com/linux/amazon-linux-2023
   ~~       V~' '->
    ~~~         /
      ~~._.   _/
         _/ _/
       _/m/'
Last login: Wed Sep 24 09:09:43 2025 from 103.244.155.144
[ec2-user@dev-two ~]$ exit
logout
Connection to ec2-54-236-250-212.compute-1.amazonaws.com closed.
PS C:\Users\10844721\downloads> ssh -i "devops.pem" ec2-user@ec2-54-236-250-212.compute-1.amazonaws.com
   ,     #_
   ~\_  ####_        Amazon Linux 2023
  ~~  \_#####\
  ~~     \###|
  ~~       \#/ ___   https://aws.amazon.com/linux/amazon-linux-2023
   ~~       V~' '->
    ~~~         /
      ~~._.   _/
         _/ _/
       _/m/'
Last login: Wed Sep 24 09:10:48 2025 from 103.244.155.144
[ec2-user@dev-two ~]$ sudo su -
Last login: Wed Sep 24 06:22:50 UTC 2025 on pts/1
[root@dev-two ~]# ssh-keygen
Generating public/private rsa key pair.
Enter file in which to save the key (/root/.ssh/id_rsa):
Enter passphrase (empty for no passphrase):
Enter same passphrase again:
Your identification has been saved in /root/.ssh/id_rsa
Your public key has been saved in /root/.ssh/id_rsa.pub
The key fingerprint is:
SHA256:/e+H5HCuTEyoLGhGGbBynaRiatC4JN71YCdj1Dws6Ec root@dev-two.example.com
The key's randomart image is:
+---[RSA 3072]----+
|  . o.+          |
| o B.E =         |
|*o* =B...        |
|B=..++*  . .     |
|oo .+  .S o .    |
|.  . . . . +. o  |
|    + . o   +* . |
|   o   .   o .+ .|
|            ooo. |
+----[SHA256]-----+
[root@dev-two ~]#
[root@dev-two ~]#
[root@dev-two ~]#
[root@dev-two ~]# cat .ssh/id_rsa.pub
ssh-rsa AAAAB3NzaC1yc2EAAAADAQABAAABgQCsLn+pXf+jXETjxwrjoYOu9Y4DvzcMjy2iQCtpXSRZK3o/w2vl9BtZHiIo80IuCe1uJvea1lz6xZCGf2rwcKvaYzsNFFI4XHvziLc4icYUQo2ie5e112CcDf+GMzPyMWQYZpK5Mjkl1jPXph/3EZcBkdGMUlUHs8fXhLU1PSqxg3fR4ys4DQtZkSkrqmZqJ51fhTE5aPzSeNTJSfzI11IwxPENIN3mIwjOebzRZYdERO486ZBi5WVrQq7R58lU8vn1VCV2XZ6y5GVIjPkPUf/blb/fvZ8LqnlEgfnnnWSWvepxCJsTRq5Txhf4P9DvJj/CCTRpm2VmO5WGH9bTwl+LimcVyLJhrWU+HcOif4eYxno2uMBs9t3C2JPxhUhi33eGYuXcGdk399W92FwUKs0SsImDFuhC1z62vvMRBQ10goQ9U1LWpQM5oeHbtXLrN7kKt0BlCPBhOUy1Jkcx//65+eWoiU3oZawzk6c5GKtyIljkEoGFOSR1EFwlMAeeZu8= root@dev-two.example.com
[root@dev-two ~]#
[root@dev-two ~]#
[root@dev-two ~]#
[root@dev-two ~]#
[root@dev-two ~]#
[root@dev-two ~]#
[root@dev-two ~]#
[root@dev-two ~]#
[root@dev-two ~]#
[root@dev-two ~]#
[root@dev-two ~]#
[root@dev-two ~]#
[root@dev-two ~]#
[root@dev-two ~]# ssh root@git-server.example.com
The authenticity of host 'git-server.example.com (172.31.23.118)' can't be established.
ED25519 key fingerprint is SHA256:DYkSEK8q76Hxrw+ORL1Ta+FU2R8+jzL4d3XNYW0eOkQ.
This key is not known by any other names
Are you sure you want to continue connecting (yes/no/[fingerprint])? yes
Warning: Permanently added 'git-server.example.com' (ED25519) to the list of known hosts.
root@git-server.example.com: Permission denied (publickey,gssapi-keyex,gssapi-with-mic).
[root@dev-two ~]# l.
.bash_history  .bash_logout  .bash_profile  .bashrc  .cshrc  .lesshst  .ssh  .tcshrc  .viminfo
[root@dev-two ~]# cd .ssh
[root@dev-two .ssh]# lss
-bash: lss: command not found
[root@dev-two .ssh]# ll
total 16
-rw-------. 1 root root  554 Sep 24 06:16 authorized_keys
-rw-------. 1 root root 2610 Sep 24 09:22 id_rsa
-rw-r--r--. 1 root root  578 Sep 24 09:22 id_rsa.pub
-rw-r--r--. 1 root root  104 Sep 24 09:26 known_hosts
[root@dev-two .ssh]# l.
ls: cannot access '.*': No such file or directory
[root@dev-two .ssh]# cd authorized_keys
-bash: cd: authorized_keys: Not a directory
[root@dev-two .ssh]# cd id_rsa.pub
-bash: cd: id_rsa.pub: Not a directory
[root@dev-two .ssh]# cat id_rsa.pub
ssh-rsa AAAAB3NzaC1yc2EAAAADAQABAAABgQCsLn+pXf+jXETjxwrjoYOu9Y4DvzcMjy2iQCtpXSRZK3o/w2vl9BtZHiIo80IuCe1uJvea1lz6xZCGf2rwcKvaYzsNFFI4XHvziLc4icYUQo2ie5e112CcDf+GMzPyMWQYZpK5Mjkl1jPXph/3EZcBkdGMUlUHs8fXhLU1PSqxg3fR4ys4DQtZkSkrqmZqJ51fhTE5aPzSeNTJSfzI11IwxPENIN3mIwjOebzRZYdERO486ZBi5WVrQq7R58lU8vn1VCV2XZ6y5GVIjPkPUf/blb/fvZ8LqnlEgfnnnWSWvepxCJsTRq5Txhf4P9DvJj/CCTRpm2VmO5WGH9bTwl+LimcVyLJhrWU+HcOif4eYxno2uMBs9t3C2JPxhUhi33eGYuXcGdk399W92FwUKs0SsImDFuhC1z62vvMRBQ10goQ9U1LWpQM5oeHbtXLrN7kKt0BlCPBhOUy1Jkcx//65+eWoiU3oZawzk6c5GKtyIljkEoGFOSR1EFwlMAeeZu8= root@dev-two.example.com
[root@dev-two .ssh]#  ssh root@git-server.example.com
   ,     #_
   ~\_  ####_        Amazon Linux 2023
  ~~  \_#####\
  ~~     \###|
  ~~       \#/ ___   https://aws.amazon.com/linux/amazon-linux-2023
   ~~       V~' '->
    ~~~         /
      ~~._.   _/
         _/ _/
       _/m/'
Last login: Wed Sep 24 09:18:57 2025
[root@git-server ~]# hostname
git-server.example.com
[root@git-server ~]# ll
total 0
[root@git-server ~]# ls
[root@git-server ~]# exit
logout
Connection to git-server.example.com closed.
[root@dev-two .ssh]# cd
[root@dev-two ~]# hostname
dev-two.example.com
[root@dev-two ~]#  ssh root@git-server.example.com
   ,     #_
   ~\_  ####_        Amazon Linux 2023
  ~~  \_#####\
  ~~     \###|
  ~~       \#/ ___   https://aws.amazon.com/linux/amazon-linux-2023
   ~~       V~' '->
    ~~~         /
      ~~._.   _/
         _/ _/
       _/m/'
Last login: Wed Sep 24 09:35:06 2025 from 172.31.26.58
[root@git-server ~]# exit
logout
Connection to git-server.example.com closed.
[root@dev-two ~]# vim /etc/hosts
[root@dev-two ~]# ssh root@git-server.example.com
   ,     #_
   ~\_  ####_        Amazon Linux 2023
  ~~  \_#####\
  ~~     \###|
  ~~       \#/ ___   https://aws.amazon.com/linux/amazon-linux-2023
   ~~       V~' '->
    ~~~         /
      ~~._.   _/
         _/ _/
       _/m/'
Last login: Wed Sep 24 10:09:04 2025 from 172.31.29.118
[root@git-server ~]# client_loop: send disconnect: Connection reset
PS C:\Users\10844721\downloads> ssh -i "devops.pem" ec2-user@ec2-54-236-250-212.compute-1.amazonaws.com
   ,     #_
   ~\_  ####_        Amazon Linux 2023
  ~~  \_#####\
  ~~     \###|
  ~~       \#/ ___   https://aws.amazon.com/linux/amazon-linux-2023
   ~~       V~' '->
    ~~~         /
      ~~._.   _/
         _/ _/
       _/m/'
Last login: Wed Sep 24 09:12:14 2025 from 103.244.155.144
[ec2-user@dev-two ~]$ sudo su -
Last login: Wed Sep 24 09:12:24 UTC 2025 on pts/1
[root@dev-two ~]# cd /
[root@dev-two /]# cd dev-two
[root@dev-two dev-two]# l.
.git
[root@dev-two dev-two]# Connection to ec2-54-236-250-212.compute-1.amazonaws.com closed by remote host.
Connection to ec2-54-236-250-212.compute-1.amazonaws.com closed.
PS C:\Users\10844721\downloads>